{
    "apiVersion": "apps/v1",
    "kind": "Deployment",
    "metadata": {
        "labels": {
            "app": "frr-k8s",
            "app.kubernetes.io/managed-by": "Helm",
            "app.kubernetes.io/version": "v0.0.17",
            "component": "frr-k8s-webhook-server",
            "helm.sh/chart": "frr-k8s-0.0.17"
        },
        "name": "frr-k8s-webhook-server",
        "namespace": "metallb-test-namespace"
    },
    "spec": {
        "selector": {
            "matchLabels": {
                "component": "frr-k8s-webhook-server"
            }
        },
        "template": {
            "metadata": {
                "annotations": {
                    "kubectl.kubernetes.io/default-container": "frr-k8s-webhook-server"
                },
                "labels": {
                    "component": "frr-k8s-webhook-server"
                }
            },
            "spec": {
                "containers": [
                    {
                        "args": [
                            "--log-level=info",
                            "--webhook-mode=onlywebhook",
                            "--disable-cert-rotation=true",
                            "--namespace=$(NAMESPACE)",
                            "--metrics-bind-address=:7572"
                        ],
                        "command": [
                            "/frr-k8s"
                        ],
                        "env": [
                            {
                                "name": "NAMESPACE",
                                "valueFrom": {
                                    "fieldRef": {
                                        "fieldPath": "metadata.namespace"
                                    }
                                }
                            }
                        ],
                        "image": "quay.io/metallb/frr-k8s:v0.0.8",
                        "livenessProbe": {
                            "failureThreshold": 3,
                            "httpGet": {
                                "path": "/metrics",
                                "port": "monitoring"
                            },
                            "initialDelaySeconds": 10,
                            "periodSeconds": 10
                        },
                        "name": "frr-k8s-webhook-server",
                        "ports": [
                            {
                                "containerPort": 7572,
                                "name": "monitoring"
                            }
                        ],
                        "readinessProbe": {
                            "failureThreshold": 3,
                            "httpGet": {
                                "path": "/metrics",
                                "port": "monitoring"
                            },
                            "initialDelaySeconds": 10,
                            "periodSeconds": 10
                        },
                        "securityContext": {
                            "allowPrivilegeEscalation": false,
                            "capabilities": {
                                "drop": [
                                    "ALL"
                                ]
                            },
                            "readOnlyRootFilesystem": true
                        },
                        "volumeMounts": [
                            {
                                "mountPath": "/tmp/k8s-webhook-server/serving-certs",
                                "name": "cert",
                                "readOnly": true
                            }
                        ]
                    }
                ],
                "securityContext": {
                    "runAsNonRoot": true
                },
                "serviceAccountName": "frr-k8s-daemon",
                "terminationGracePeriodSeconds": 10,
                "tolerations": [
                    {
                        "effect": "NoSchedule",
                        "key": "node-role.kubernetes.io/master",
                        "operator": "Exists"
                    },
                    {
                        "effect": "NoSchedule",
                        "key": "node-role.kubernetes.io/control-plane",
                        "operator": "Exists"
                    }
                ],
                "volumes": [
                    {
                        "name": "cert",
                        "secret": {
                            "defaultMode": 420,
                            "secretName": "frr-k8s-webhook-server-cert"
                        }
                    }
                ]
            }
        }
    }
}