{
    "apiVersion": "apps/v1",
    "kind": "DaemonSet",
    "metadata": {
        "labels": {
            "app": "frr-k8s",
            "app.kubernetes.io/managed-by": "Helm",
            "app.kubernetes.io/version": "v0.0.17",
            "component": "frr-k8s",
            "helm.sh/chart": "frr-k8s-0.0.17"
        },
        "name": "frr-k8s",
        "namespace": "metallb-test-namespace"
    },
    "spec": {
        "selector": {
            "matchLabels": {
                "app": "frr-k8s",
                "component": "frr-k8s"
            }
        },
        "template": {
            "metadata": {
                "labels": {
                    "app": "frr-k8s",
                    "component": "frr-k8s"
                }
            },
            "spec": {
                "containers": [
                    {
                        "args": [
                            "--node-name=$(NODE_NAME)",
                            "--namespace=$(NAMESPACE)",
                            "--metrics-bind-address=127.0.0.1:7572",
                            "--log-level=info"
                        ],
                        "command": [
                            "/frr-k8s"
                        ],
                        "env": [
                            {
                                "name": "FRR_CONFIG_FILE",
                                "value": "/etc/frr_reloader/frr.conf"
                            },
                            {
                                "name": "FRR_RELOADER_PID_FILE",
                                "value": "/etc/frr_reloader/reloader.pid"
                            },
                            {
                                "name": "NODE_NAME",
                                "valueFrom": {
                                    "fieldRef": {
                                        "fieldPath": "spec.nodeName"
                                    }
                                }
                            },
                            {
                                "name": "NAMESPACE",
                                "valueFrom": {
                                    "fieldRef": {
                                        "fieldPath": "metadata.namespace"
                                    }
                                }
                            }
                        ],
                        "image": "quay.io/metallb/frr-k8s:v0.0.8",
                        "livenessProbe": {
                            "failureThreshold": 3,
                            "httpGet": {
                                "host": "127.0.0.1",
                                "path": "/metrics",
                                "port": "monitoring"
                            },
                            "initialDelaySeconds": 10,
                            "periodSeconds": 10,
                            "successThreshold": 1,
                            "timeoutSeconds": 1
                        },
                        "name": "controller",
                        "ports": [
                            {
                                "containerPort": 7572,
                                "name": "monitoring"
                            }
                        ],
                        "readinessProbe": {
                            "failureThreshold": 3,
                            "httpGet": {
                                "host": "127.0.0.1",
                                "path": "/metrics",
                                "port": "monitoring"
                            },
                            "initialDelaySeconds": 10,
                            "periodSeconds": 10,
                            "successThreshold": 1,
                            "timeoutSeconds": 1
                        },
                        "securityContext": {
                            "allowPrivilegeEscalation": false,
                            "capabilities": {
                                "add": [
                                    "NET_RAW"
                                ],
                                "drop": [
                                    "ALL"
                                ]
                            },
                            "readOnlyRootFilesystem": true
                        },
                        "volumeMounts": [
                            {
                                "mountPath": "/etc/frr_reloader",
                                "name": "reloader"
                            }
                        ]
                    },
                    {
                        "command": [
                            "/bin/sh",
                            "-c",
                            "/sbin/tini -- /usr/lib/frr/docker-start \u0026\nattempts=0\nuntil [[ -f /etc/frr/frr.log || $attempts -eq 60 ]]; do\n  sleep 1\n  attempts=$(( $attempts + 1 ))\ndone\ntail -f /etc/frr/frr.log\n"
                        ],
                        "env": [
                            {
                                "name": "TINI_SUBREAPER",
                                "value": "true"
                            }
                        ],
                        "image": "frrouting/frr:v7.5.1",
                        "livenessProbe": {
                            "failureThreshold": 3,
                            "httpGet": {
                                "host": "127.0.0.1",
                                "path": "/livez",
                                "port": 7573
                            },
                            "periodSeconds": 10
                        },
                        "name": "frr",
                        "securityContext": {
                            "capabilities": {
                                "add": [
                                    "NET_ADMIN",
                                    "NET_RAW",
                                    "SYS_ADMIN",
                                    "NET_BIND_SERVICE"
                                ]
                            }
                        },
                        "startupProbe": {
                            "failureThreshold": 30,
                            "httpGet": {
                                "host": "127.0.0.1",
                                "path": "/livez",
                                "port": 7573
                            },
                            "periodSeconds": 5
                        },
                        "volumeMounts": [
                            {
                                "mountPath": "/var/run/frr",
                                "name": "frr-sockets"
                            },
                            {
                                "mountPath": "/etc/frr",
                                "name": "frr-conf"
                            }
                        ]
                    },
                    {
                        "command": [
                            "/etc/frr_reloader/frr-reloader.sh"
                        ],
                        "image": "frrouting/frr:v7.5.1",
                        "name": "reloader",
                        "volumeMounts": [
                            {
                                "mountPath": "/var/run/frr",
                                "name": "frr-sockets"
                            },
                            {
                                "mountPath": "/etc/frr",
                                "name": "frr-conf"
                            },
                            {
                                "mountPath": "/etc/frr_reloader",
                                "name": "reloader"
                            }
                        ]
                    },
                    {
                        "args": [
                            "--metrics-port=7573",
                            "--metrics-bind-address=127.0.0.1"
                        ],
                        "command": [
                            "/etc/frr_metrics/frr-metrics"
                        ],
                        "image": "frrouting/frr:v7.5.1",
                        "name": "frr-metrics",
                        "ports": [
                            {
                                "containerPort": 7573,
                                "name": "monitoring"
                            }
                        ],
                        "volumeMounts": [
                            {
                                "mountPath": "/var/run/frr",
                                "name": "frr-sockets"
                            },
                            {
                                "mountPath": "/etc/frr",
                                "name": "frr-conf"
                            },
                            {
                                "mountPath": "/etc/frr_metrics",
                                "name": "metrics"
                            }
                        ]
                    },
                    {
                        "args": [
                            "--logtostderr",
                            "--secure-listen-address=:9998",
                            "--upstream=http://127.0.0.1:7572/",
                            "--tls-cipher-suites=TLS_ECDHE_RSA_WITH_AES_128_GCM_SHA256,TLS_ECDHE_ECDSA_WITH_AES_128_GCM_SHA256,TLS_RSA_WITH_AES_128_CBC_SHA256,TLS_ECDHE_ECDSA_WITH_AES_128_CBC_SHA256,TLS_ECDHE_RSA_WITH_AES_128_CBC_SHA256",
                            "--tls-private-key-file=/etc/metrics/tls.key",
                            "--tls-cert-file=/etc/metrics/tls.crt"
                        ],
                        "image": "gcr.io/kubebuilder/kube-rbac-proxy:v0.12.0",
                        "imagePullPolicy": null,
                        "name": "kube-rbac-proxy",
                        "ports": [
                            {
                                "containerPort": 9998,
                                "name": "metricshttps"
                            }
                        ],
                        "resources": {
                            "requests": {
                                "cpu": "10m",
                                "memory": "20Mi"
                            }
                        },
                        "terminationMessagePolicy": "FallbackToLogsOnError",
                        "volumeMounts": [
                            {
                                "mountPath": "/etc/metrics",
                                "name": "metrics-certs",
                                "readOnly": true
                            }
                        ]
                    },
                    {
                        "args": [
                            "--logtostderr",
                            "--secure-listen-address=:9999",
                            "--tls-cipher-suites=TLS_ECDHE_RSA_WITH_AES_128_GCM_SHA256,TLS_ECDHE_ECDSA_WITH_AES_128_GCM_SHA256,TLS_RSA_WITH_AES_128_CBC_SHA256,TLS_ECDHE_ECDSA_WITH_AES_128_CBC_SHA256,TLS_ECDHE_RSA_WITH_AES_128_CBC_SHA256",
                            "--upstream=http://127.0.0.1:7573/",
                            "--tls-private-key-file=/etc/metrics/tls.key",
                            "--tls-cert-file=/etc/metrics/tls.crt"
                        ],
                        "image": "gcr.io/kubebuilder/kube-rbac-proxy:v0.12.0",
                        "imagePullPolicy": null,
                        "name": "kube-rbac-proxy-frr",
                        "ports": [
                            {
                                "containerPort": 9999,
                                "name": "metricshttps"
                            }
                        ],
                        "resources": {
                            "requests": {
                                "cpu": "10m",
                                "memory": "20Mi"
                            }
                        },
                        "terminationMessagePolicy": "FallbackToLogsOnError",
                        "volumeMounts": [
                            {
                                "mountPath": "/etc/metrics",
                                "name": "metrics-certs",
                                "readOnly": true
                            }
                        ]
                    }
                ],
                "hostNetwork": true,
                "initContainers": [
                    {
                        "command": [
                            "/bin/sh",
                            "-c",
                            "cp -rLf /tmp/frr/* /etc/frr/"
                        ],
                        "image": "frrouting/frr:v7.5.1",
                        "name": "cp-frr-files",
                        "securityContext": {
                            "runAsGroup": 101,
                            "runAsUser": 100
                        },
                        "volumeMounts": [
                            {
                                "mountPath": "/tmp/frr",
                                "name": "frr-startup"
                            },
                            {
                                "mountPath": "/etc/frr",
                                "name": "frr-conf"
                            }
                        ]
                    },
                    {
                        "command": [
                            "/bin/sh",
                            "-c",
                            "cp -f /frr-reloader.sh /etc/frr_reloader/"
                        ],
                        "image": "quay.io/metallb/frr-k8s:v0.0.8",
                        "name": "cp-reloader",
                        "volumeMounts": [
                            {
                                "mountPath": "/etc/frr_reloader",
                                "name": "reloader"
                            }
                        ]
                    },
                    {
                        "command": [
                            "/bin/sh",
                            "-c",
                            "cp -f /frr-metrics /etc/frr_metrics/"
                        ],
                        "image": "quay.io/metallb/frr-k8s:v0.0.8",
                        "name": "cp-metrics",
                        "volumeMounts": [
                            {
                                "mountPath": "/etc/frr_metrics",
                                "name": "metrics"
                            }
                        ]
                    }
                ],
                "nodeSelector": {
                    "kubernetes.io/os": "linux"
                },
                "serviceAccountName": "frr-k8s-daemon",
                "shareProcessNamespace": true,
                "terminationGracePeriodSeconds": 0,
                "tolerations": [
                    {
                        "effect": "NoSchedule",
                        "key": "node-role.kubernetes.io/master",
                        "operator": "Exists"
                    },
                    {
                        "effect": "NoSchedule",
                        "key": "node-role.kubernetes.io/control-plane",
                        "operator": "Exists"
                    }
                ],
                "volumes": [
                    {
                        "emptyDir": {},
                        "name": "frr-sockets"
                    },
                    {
                        "configMap": {
                            "name": "frr-startup"
                        },
                        "name": "frr-startup"
                    },
                    {
                        "emptyDir": {},
                        "name": "frr-conf"
                    },
                    {
                        "emptyDir": {},
                        "name": "reloader"
                    },
                    {
                        "emptyDir": {},
                        "name": "metrics"
                    },
                    {
                        "name": "metrics-certs",
                        "secret": {
                            "secretName": "frr-k8s-certs-secret"
                        }
                    }
                ]
            }
        },
        "updateStrategy": {
            "type": "RollingUpdate"
        }
    }
}